// Jest Snapshot v1, https://goo.gl/fbAQLP

exports[`<Masthead /> should render and match the snapshot 1`] = `
<Masthead__Wrapper>
  <Logos />
  <Title>
    Digital Plants
  </Title>
  <Lead>
    Now you can collect your favourite plants
  </Lead>
</Masthead__Wrapper>
`;
